src/routes/payouts.ts(24,62): error TS2322: Type 'string | string[]' is not assignable to type 'string | undefined'.
  Type 'string[]' is not assignable to type 'string'.
src/services/trigger.ts(3,35): error TS2306: File 'D:/B.Tech SNU/Projects/DevTrail/Guidewire-Devtrails-FOUR_BUGS/server/src/services/fraud.ts' is not a module.
